
============================================================
DEVOPS INFRASTRUCTURE & TELEMETRY REPORT
Generated On: 2026-09-19 12:06:32
============================================================
[1] HOST & ENVIRONMENT PROFILE:
    - Hostname       : LAPTOP-1LSFB2IA
    - Local IP       : 10.127.12.142
    - User Profile   : gedel
    - Operating Sys  : Windows 11 (AMD64)
    - Processor Cores: 8 Logical Cores

[2] HARDWARE & PROCESS PERFORMANCE:
    - CPU Usage      : 20.2%
    - RAM Utilization: 7 GB / 7 GB (92.1%)
    - Active Processes: 313 running tasks

[3] DISK STORAGE METRICS:
    - Total Capacity : 207 GB
    - Used Space     : 106 GB (51.56%)
    - Available Free : 100 GB

[4] WORKSPACE AUDIT:
    - Total Items    : 3
    - Items List     : .git, portfolio-app, system_report.log
============================================================
Status: SUCCESS - Infrastructure metrics logged securely.
============================================================
